// Jest Snapshot v1, https://goo.gl/fbAQLP

exports[`Copyright renders correctly 1`] = `
<div
  className="copyright"
>
  Source @
   
  <a
    rel="noopener noreferrer"
    target="_blank"
  >
    GitHub
  </a>
  <br />
</div>
`;
