// Jest Snapshot v1, https://goo.gl/fbAQLP

exports[`footer renders correctly 1`] = `
<div
  className="footer"
>
  Source @
   
  <a
    href="github"
    onClick={[Function]}
    rel="noopener noreferrer"
    target="_blank"
  >
    GitHub
  </a>
  <br />
  copyright
</div>
`;
